Warning: Transformers patch failed, skipping. Error: operator torchvision::nms does not exist
Config imported success
Transformers patch applied? <function check_torch_load_is_safe at 0x000001664D447C70>
